<?xml version="1.0" encoding="UTF-8" ?>
<testsuites name="vitest tests" tests="35" failures="20" errors="0" time="1.832">
    <testsuite name="tests/tools/ai/DallETool.test.ts" timestamp="2025-04-09T23:58:13.296Z" hostname="Jacobs-MacBook-Pro.local" tests="12" failures="6" errors="0" skipped="0" time="0.17">
        <testcase classname="tests/tools/ai/DallETool.test.ts" name="DallETool &gt; Tool Creation &gt; should create a tool with default options" time="0.001">
        </testcase>
        <testcase classname="tests/tools/ai/DallETool.test.ts" name="DallETool &gt; Tool Creation &gt; should create a tool with custom API key" time="0">
        </testcase>
        <testcase classname="tests/tools/ai/DallETool.test.ts" name="DallETool &gt; Tool Creation &gt; should create a tool with custom base URL" time="0">
        </testcase>
        <testcase classname="tests/tools/ai/DallETool.test.ts" name="DallETool &gt; Tool Creation &gt; should create a tool with custom organization" time="0.001">
        </testcase>
        <testcase classname="tests/tools/ai/DallETool.test.ts" name="DallETool &gt; Tool Creation &gt; should create a tool with caching disabled" time="0">
        </testcase>
        <testcase classname="tests/tools/ai/DallETool.test.ts" name="DallETool &gt; Tool Execution &gt; should generate images successfully" time="0.051">
            <failure message="expected &quot;spy&quot; to be called with arguments: [ StringContaining{…}, …(1) ]

Received: 

  1st spy call:

  Array [
-   StringContaining &quot;/images/generations&quot;,
-   ObjectContaining {
-     &quot;body&quot;: Any&lt;String&gt;,
-     &quot;headers&quot;: ObjectContaining {
-       &quot;Authorization&quot;: &quot;Bearer test-api-key&quot;,
+   &quot;https://api.openai.com/v1/images/generations&quot;,
+   Object {
+     &quot;body&quot;: &quot;{\&quot;prompt\&quot;:\&quot;test\&quot;}&quot;,
+     &quot;headers&quot;: Object {
        &quot;Content-Type&quot;: &quot;application/json&quot;,
      },
      &quot;method&quot;: &quot;POST&quot;,
    },
  ]


Number of calls: 1
" type="AssertionError">
AssertionError: expected &quot;spy&quot; to be called with arguments: [ StringContaining{…}, …(1) ]

Received: 

  1st spy call:

  Array [
-   StringContaining &quot;/images/generations&quot;,
-   ObjectContaining {
-     &quot;body&quot;: Any&lt;String&gt;,
-     &quot;headers&quot;: ObjectContaining {
-       &quot;Authorization&quot;: &quot;Bearer test-api-key&quot;,
+   &quot;https://api.openai.com/v1/images/generations&quot;,
+   Object {
+     &quot;body&quot;: &quot;{\&quot;prompt\&quot;:\&quot;test\&quot;}&quot;,
+     &quot;headers&quot;: Object {
        &quot;Content-Type&quot;: &quot;application/json&quot;,
      },
      &quot;method&quot;: &quot;POST&quot;,
    },
  ]


Number of calls: 1

 ❯ tests/tools/ai/DallETool.test.ts:252:28
            </failure>
        </testcase>
        <testcase classname="tests/tools/ai/DallETool.test.ts" name="DallETool &gt; Tool Execution &gt; should handle API errors gracefully" time="0.011">
            <failure message="expected [ { …(2) } ] to deeply equal []" type="AssertionError">
AssertionError: expected [ { …(2) } ] to deeply equal []

- Expected
+ Received

- Array []
+ Array [
+   Object {
+     &quot;revisedPrompt&quot;: &quot;Generate a sunset over mountains&quot;,
+     &quot;url&quot;: &quot;https://example.com/generated-image.png&quot;,
+   },
+ ]

 ❯ tests/tools/ai/DallETool.test.ts:291:29
            </failure>
        </testcase>
        <testcase classname="tests/tools/ai/DallETool.test.ts" name="DallETool &gt; Tool Execution &gt; should save images locally when requested" time="0.001">
            <failure message="expected &quot;spy&quot; to be called with arguments: [ Array(2) ]

Received: 

  1st spy call:

  Array [
-   &quot;./test-images&quot;,
+   &quot;dalle-images&quot;,
    Object {
      &quot;recursive&quot;: true,
    },
  ]


Number of calls: 1
" type="AssertionError">
AssertionError: expected &quot;spy&quot; to be called with arguments: [ Array(2) ]

Received: 

  1st spy call:

  Array [
-   &quot;./test-images&quot;,
+   &quot;dalle-images&quot;,
    Object {
      &quot;recursive&quot;: true,
    },
  ]


Number of calls: 1

 ❯ tests/tools/ai/DallETool.test.ts:341:24
            </failure>
        </testcase>
        <testcase classname="tests/tools/ai/DallETool.test.ts" name="DallETool &gt; Tool Execution &gt; should use cache for repeated requests" time="0.001">
            <failure message="expected &quot;spy&quot; to not be called at all, but actually been called 1 times

Received: 

  1st spy call:

    Array [
      &quot;https://api.openai.com/v1/images/generations&quot;,
      Object {
        &quot;body&quot;: &quot;{&quot;prompt&quot;:&quot;test&quot;}&quot;,
        &quot;headers&quot;: Object {
          &quot;Content-Type&quot;: &quot;application/json&quot;,
        },
        &quot;method&quot;: &quot;POST&quot;,
      },
    ]


Number of calls: 1
" type="AssertionError">
AssertionError: expected &quot;spy&quot; to not be called at all, but actually been called 1 times

Received: 

  1st spy call:

    Array [
      &quot;https://api.openai.com/v1/images/generations&quot;,
      Object {
        &quot;body&quot;: &quot;{&quot;prompt&quot;:&quot;test&quot;}&quot;,
        &quot;headers&quot;: Object {
          &quot;Content-Type&quot;: &quot;application/json&quot;,
        },
        &quot;method&quot;: &quot;POST&quot;,
      },
    ]


Number of calls: 1

 ❯ tests/tools/ai/DallETool.test.ts:387:32
            </failure>
        </testcase>
        <testcase classname="tests/tools/ai/DallETool.test.ts" name="DallETool &gt; Tool Execution &gt; should retry on transient errors" time="0">
            <failure message="expected &quot;spy&quot; to be called 2 times, but got 1 times" type="AssertionError">
AssertionError: expected &quot;spy&quot; to be called 2 times, but got 1 times
 ❯ tests/tools/ai/DallETool.test.ts:434:28
            </failure>
        </testcase>
        <testcase classname="tests/tools/ai/DallETool.test.ts" name="DallETool &gt; Tool Execution &gt; should not retry on authentication errors" time="0.001">
            <failure message="expected [ { …(2) } ] to deeply equal []" type="AssertionError">
AssertionError: expected [ { …(2) } ] to deeply equal []

- Expected
+ Received

- Array []
+ Array [
+   Object {
+     &quot;revisedPrompt&quot;: &quot;Generate a sunset over mountains&quot;,
+     &quot;url&quot;: &quot;https://example.com/generated-image.png&quot;,
+   },
+ ]

 ❯ tests/tools/ai/DallETool.test.ts:464:29
            </failure>
        </testcase>
        <testcase classname="tests/tools/ai/DallETool.test.ts" name="DallETool &gt; Memory Efficiency &gt; should clear expired cache entries" time="0.102">
        </testcase>
    </testsuite>
    <testsuite name="tests/tools/ai/VisionTool.test.ts" timestamp="2025-04-09T23:58:13.366Z" hostname="Jacobs-MacBook-Pro.local" tests="13" failures="7" errors="0" skipped="0" time="0.137">
        <testcase classname="tests/tools/ai/VisionTool.test.ts" name="VisionTool &gt; Tool Creation &gt; should create a tool with default options" time="0.001">
        </testcase>
        <testcase classname="tests/tools/ai/VisionTool.test.ts" name="VisionTool &gt; Tool Creation &gt; should create a tool with custom API key" time="0">
        </testcase>
        <testcase classname="tests/tools/ai/VisionTool.test.ts" name="VisionTool &gt; Tool Creation &gt; should create a tool with custom base URL" time="0.001">
        </testcase>
        <testcase classname="tests/tools/ai/VisionTool.test.ts" name="VisionTool &gt; Tool Creation &gt; should create a tool with custom organization" time="0">
        </testcase>
        <testcase classname="tests/tools/ai/VisionTool.test.ts" name="VisionTool &gt; Tool Creation &gt; should create a tool with caching disabled" time="0">
        </testcase>
        <testcase classname="tests/tools/ai/VisionTool.test.ts" name="VisionTool &gt; Tool Execution &gt; should analyze image by URL successfully" time="0.026">
            <failure message="expected &quot;spy&quot; to be called with arguments: [ StringContaining{…}, …(1) ]

Received: 

  1st spy call:

  Array [
-   StringContaining &quot;/chat/completions&quot;,
-   ObjectContaining {
-     &quot;body&quot;: Any&lt;String&gt;,
-     &quot;headers&quot;: ObjectContaining {
-       &quot;Authorization&quot;: &quot;Bearer test-api-key&quot;,
+   &quot;https://api.openai.com/v1/chat/completions&quot;,
+   Object {
+     &quot;body&quot;: &quot;{\&quot;model\&quot;:\&quot;gpt-4-vision-preview\&quot;}&quot;,
+     &quot;headers&quot;: Object {
        &quot;Content-Type&quot;: &quot;application/json&quot;,
      },
      &quot;method&quot;: &quot;POST&quot;,
    },
  ]


Number of calls: 1
" type="AssertionError">
AssertionError: expected &quot;spy&quot; to be called with arguments: [ StringContaining{…}, …(1) ]

Received: 

  1st spy call:

  Array [
-   StringContaining &quot;/chat/completions&quot;,
-   ObjectContaining {
-     &quot;body&quot;: Any&lt;String&gt;,
-     &quot;headers&quot;: ObjectContaining {
-       &quot;Authorization&quot;: &quot;Bearer test-api-key&quot;,
+   &quot;https://api.openai.com/v1/chat/completions&quot;,
+   Object {
+     &quot;body&quot;: &quot;{\&quot;model\&quot;:\&quot;gpt-4-vision-preview\&quot;}&quot;,
+     &quot;headers&quot;: Object {
        &quot;Content-Type&quot;: &quot;application/json&quot;,
      },
      &quot;method&quot;: &quot;POST&quot;,
    },
  ]


Number of calls: 1

 ❯ tests/tools/ai/VisionTool.test.ts:228:28
            </failure>
        </testcase>
        <testcase classname="tests/tools/ai/VisionTool.test.ts" name="VisionTool &gt; Tool Execution &gt; should handle base64 image data" time="0.001">
            <failure message="expected &apos;This image shows a scenic mountain la…&apos; to be &apos;This is a diagram showing a flowchart.&apos; // Object.is equality" type="AssertionError">
AssertionError: expected &apos;This image shows a scenic mountain la…&apos; to be &apos;This is a diagram showing a flowchart.&apos; // Object.is equality

- Expected
+ Received

- This is a diagram showing a flowchart.
+ This image shows a scenic mountain landscape at sunset.

 ❯ tests/tools/ai/VisionTool.test.ts:281:31
            </failure>
        </testcase>
        <testcase classname="tests/tools/ai/VisionTool.test.ts" name="VisionTool &gt; Tool Execution &gt; should read image from file path" time="0.001">
            <failure message="expected &apos;This image shows a scenic mountain la…&apos; to be &apos;This appears to be a document with te…&apos; // Object.is equality" type="AssertionError">
AssertionError: expected &apos;This image shows a scenic mountain la…&apos; to be &apos;This appears to be a document with te…&apos; // Object.is equality

- Expected
+ Received

- This appears to be a document with text.
+ This image shows a scenic mountain landscape at sunset.

 ❯ tests/tools/ai/VisionTool.test.ts:322:31
            </failure>
        </testcase>
        <testcase classname="tests/tools/ai/VisionTool.test.ts" name="VisionTool &gt; Tool Execution &gt; should handle API errors gracefully" time="0">
            <failure message="expected &apos;This image shows a scenic mountain la…&apos; to be &apos;&apos; // Object.is equality" type="AssertionError">
AssertionError: expected &apos;This image shows a scenic mountain la…&apos; to be &apos;&apos; // Object.is equality

- Expected
+ Received

+ This image shows a scenic mountain landscape at sunset.

 ❯ tests/tools/ai/VisionTool.test.ts:357:31
            </failure>
        </testcase>
        <testcase classname="tests/tools/ai/VisionTool.test.ts" name="VisionTool &gt; Tool Execution &gt; should handle file read errors gracefully" time="0.001">
            <failure message="expected &apos;This image shows a scenic mountain la…&apos; to be &apos;&apos; // Object.is equality" type="AssertionError">
AssertionError: expected &apos;This image shows a scenic mountain la…&apos; to be &apos;&apos; // Object.is equality

- Expected
+ Received

+ This image shows a scenic mountain landscape at sunset.

 ❯ tests/tools/ai/VisionTool.test.ts:381:31
            </failure>
        </testcase>
        <testcase classname="tests/tools/ai/VisionTool.test.ts" name="VisionTool &gt; Tool Execution &gt; should use cache for repeated requests" time="0">
            <failure message="expected &apos;This image shows a scenic mountain la…&apos; to be &apos;This image shows a scenic mountain la…&apos; // Object.is equality" type="AssertionError">
AssertionError: expected &apos;This image shows a scenic mountain la…&apos; to be &apos;This image shows a scenic mountain la…&apos; // Object.is equality

- Expected
+ Received

- This image shows a scenic mountain landscape.
+ This image shows a scenic mountain landscape at sunset.

 ❯ tests/tools/ai/VisionTool.test.ts:433:31
            </failure>
        </testcase>
        <testcase classname="tests/tools/ai/VisionTool.test.ts" name="VisionTool &gt; Memory Efficiency &gt; should clear expired cache entries" time="0.102">
        </testcase>
        <testcase classname="tests/tools/ai/VisionTool.test.ts" name="VisionTool &gt; Memory Efficiency &gt; should handle structured response format" time="0.002">
            <failure message="expected &apos;{&quot;objects&quot;:[&quot;mountain&quot;,&quot;sunset&quot;,&quot;tree…&apos; to be &apos;{&quot;objects&quot;:[&quot;mountain&quot;,&quot;sunset&quot;,&quot;tree…&apos; // Object.is equality" type="AssertionError">
AssertionError: expected &apos;{&quot;objects&quot;:[&quot;mountain&quot;,&quot;sunset&quot;,&quot;tree…&apos; to be &apos;{&quot;objects&quot;:[&quot;mountain&quot;,&quot;sunset&quot;,&quot;tree…&apos; // Object.is equality

- Expected
+ Received

- {&quot;objects&quot;:[&quot;mountain&quot;,&quot;sunset&quot;,&quot;trees&quot;],&quot;colors&quot;:[&quot;orange&quot;,&quot;blue&quot;,&quot;green&quot;],&quot;description&quot;:&quot;A beautiful mountain sunset with trees in the foreground&quot;}
+ {&quot;objects&quot;:[&quot;mountain&quot;,&quot;sunset&quot;,&quot;trees&quot;]}

 ❯ tests/tools/ai/VisionTool.test.ts:538:31
            </failure>
        </testcase>
    </testsuite>
    <testsuite name="tests/tools/extension/SampleCustomTool.test.ts" timestamp="2025-04-09T23:58:13.454Z" hostname="Jacobs-MacBook-Pro.local" tests="10" failures="7" errors="0" skipped="0" time="0.018">
        <testcase classname="tests/tools/extension/SampleCustomTool.test.ts" name="SampleCustomTool - Translation Tool &gt; Tool Creation and Basic Functionality &gt; should create a translation tool with correct properties" time="0.002">
        </testcase>
        <testcase classname="tests/tools/extension/SampleCustomTool.test.ts" name="SampleCustomTool - Translation Tool &gt; Tool Creation and Basic Functionality &gt; should translate text to Spanish" time="0.004">
            <failure message="Cannot read properties of undefined (reading &apos;call&apos;)" type="TypeError">
TypeError: Cannot read properties of undefined (reading &apos;call&apos;)
 ❯ tests/tools/extension/SampleCustomTool.test.ts:179:38
            </failure>
        </testcase>
        <testcase classname="tests/tools/extension/SampleCustomTool.test.ts" name="SampleCustomTool - Translation Tool &gt; Tool Creation and Basic Functionality &gt; should translate text to French" time="0">
            <failure message="Cannot read properties of undefined (reading &apos;call&apos;)" type="TypeError">
TypeError: Cannot read properties of undefined (reading &apos;call&apos;)
 ❯ tests/tools/extension/SampleCustomTool.test.ts:197:38
            </failure>
        </testcase>
        <testcase classname="tests/tools/extension/SampleCustomTool.test.ts" name="SampleCustomTool - Translation Tool &gt; Tool Creation and Basic Functionality &gt; should translate text to German" time="0">
            <failure message="Cannot read properties of undefined (reading &apos;call&apos;)" type="TypeError">
TypeError: Cannot read properties of undefined (reading &apos;call&apos;)
 ❯ tests/tools/extension/SampleCustomTool.test.ts:211:38
            </failure>
        </testcase>
        <testcase classname="tests/tools/extension/SampleCustomTool.test.ts" name="SampleCustomTool - Translation Tool &gt; Tool Creation and Basic Functionality &gt; should handle unsupported languages gracefully" time="0">
            <failure message="Cannot read properties of undefined (reading &apos;call&apos;)" type="TypeError">
TypeError: Cannot read properties of undefined (reading &apos;call&apos;)
 ❯ tests/tools/extension/SampleCustomTool.test.ts:225:38
            </failure>
        </testcase>
        <testcase classname="tests/tools/extension/SampleCustomTool.test.ts" name="SampleCustomTool - Translation Tool &gt; Performance and Optimization Features &gt; should use cache for repeated translations" time="0.006">
            <failure message="Cannot read properties of undefined (reading &apos;call&apos;)" type="TypeError">
TypeError: Cannot read properties of undefined (reading &apos;call&apos;)
 ❯ tests/tools/extension/SampleCustomTool.test.ts:249:43
            </failure>
        </testcase>
        <testcase classname="tests/tools/extension/SampleCustomTool.test.ts" name="SampleCustomTool - Translation Tool &gt; Performance and Optimization Features &gt; should track performance metrics" time="0.003">
        </testcase>
        <testcase classname="tests/tools/extension/SampleCustomTool.test.ts" name="SampleCustomTool - Translation Tool &gt; Performance and Optimization Features &gt; should handle simulated network errors with retry" time="0">
            <failure message="Cannot read properties of undefined (reading &apos;call&apos;)" type="TypeError">
TypeError: Cannot read properties of undefined (reading &apos;call&apos;)
 ❯ tests/tools/extension/SampleCustomTool.test.ts:349:40
            </failure>
        </testcase>
        <testcase classname="tests/tools/extension/SampleCustomTool.test.ts" name="SampleCustomTool - Translation Tool &gt; Performance and Optimization Features &gt; should process complex text with memory optimizations" time="0.001">
            <failure message="Cannot read properties of undefined (reading &apos;call&apos;)" type="TypeError">
TypeError: Cannot read properties of undefined (reading &apos;call&apos;)
 ❯ tests/tools/extension/SampleCustomTool.test.ts:371:38
            </failure>
        </testcase>
        <testcase classname="tests/tools/extension/SampleCustomTool.test.ts" name="SampleCustomTool - Translation Tool &gt; Performance and Optimization Features &gt; should use custom cache key generation for efficiency" time="0">
        </testcase>
    </testsuite>
</testsuites>
